** Drc report for aurora-dsp-icepower-booster.kicad_pcb **
** Created on 2026-03-23T13:35:09+0100 **

** Found 134 DRC violations **
[isolated_copper]: Isolated copper fill
    Local override; warning
    @(0.5000 mm, 0.5000 mm): Zone [GND] on F.Cu, priority 0
[isolated_copper]: Isolated copper fill
    Local override; warning
    @(0.5000 mm, 0.5000 mm): Zone [GND] on F.Cu, priority 0
[isolated_copper]: Isolated copper fill
    Local override; warning
    @(0.5000 mm, 0.5000 mm): Zone [GND] on F.Cu, priority 0
[isolated_copper]: Isolated copper fill
    Local override; warning
    @(0.5000 mm, 0.5000 mm): Zone [GND] on F.Cu, priority 0
[isolated_copper]: Isolated copper fill
    Local override; warning
    @(0.5000 mm, 0.5000 mm): Zone [GND] on F.Cu, priority 0
[isolated_copper]: Isolated copper fill
    Local override; warning
    @(0.5000 mm, 0.5000 mm): Zone [GND] on F.Cu, priority 0
[isolated_copper]: Isolated copper fill
    Local override; warning
    @(0.5000 mm, 0.5000 mm): Zone [GND] on F.Cu, priority 0
[isolated_copper]: Isolated copper fill
    Local override; warning
    @(0.5000 mm, 0.5000 mm): Zone [GND] on F.Cu, priority 0
[isolated_copper]: Isolated copper fill
    Local override; warning
    @(0.5000 mm, 0.5000 mm): Zone [GND] on F.Cu, priority 0
[isolated_copper]: Isolated copper fill
    Local override; warning
    @(0.5000 mm, 0.5000 mm): Zone [GND] on F.Cu, priority 0
[isolated_copper]: Isolated copper fill
    Local override; warning
    @(0.5000 mm, 0.5000 mm): Zone [GND] on F.Cu, priority 0
[isolated_copper]: Isolated copper fill
    Local override; warning
    @(0.5000 mm, 0.5000 mm): Zone [GND] on F.Cu, priority 0
[isolated_copper]: Isolated copper fill
    Local override; warning
    @(0.5000 mm, 0.5000 mm): Zone [GND] on F.Cu, priority 0
[isolated_copper]: Isolated copper fill
    Local override; warning
    @(0.5000 mm, 0.5000 mm): Zone [GND] on F.Cu, priority 0
[isolated_copper]: Isolated copper fill
    Local override; warning
    @(0.5000 mm, 0.5000 mm): Zone [GND] on F.Cu, priority 0
[isolated_copper]: Isolated copper fill
    Local override; warning
    @(0.5000 mm, 0.5000 mm): Zone [GND] on F.Cu, priority 0
[isolated_copper]: Isolated copper fill
    Local override; warning
    @(0.5000 mm, 0.5000 mm): Zone [GND] on F.Cu, priority 0
[isolated_copper]: Isolated copper fill
    Local override; warning
    @(0.5000 mm, 0.5000 mm): Zone [GND] on F.Cu, priority 0
[isolated_copper]: Isolated copper fill
    Local override; warning
    @(0.5000 mm, 0.5000 mm): Zone [GND] on F.Cu, priority 0
[isolated_copper]: Isolated copper fill
    Local override; warning
    @(0.5000 mm, 0.5000 mm): Zone [GND] on F.Cu, priority 0
[isolated_copper]: Isolated copper fill
    Local override; warning
    @(0.5000 mm, 0.5000 mm): Zone [GND] on F.Cu, priority 0
[isolated_copper]: Isolated copper fill
    Local override; warning
    @(0.5000 mm, 0.5000 mm): Zone [GND] on F.Cu, priority 0
[isolated_copper]: Isolated copper fill
    Local override; warning
    @(0.5000 mm, 0.5000 mm): Zone [GND] on F.Cu, priority 0
[isolated_copper]: Isolated copper fill
    Local override; warning
    @(0.5000 mm, 0.5000 mm): Zone [GND] on F.Cu, priority 0
[isolated_copper]: Isolated copper fill
    Local override; warning
    @(0.5000 mm, 0.5000 mm): Zone [GND] on F.Cu, priority 0
[isolated_copper]: Isolated copper fill
    Local override; warning
    @(0.5000 mm, 0.5000 mm): Zone [GND] on F.Cu, priority 0
[isolated_copper]: Isolated copper fill
    Local override; warning
    @(0.5000 mm, 0.5000 mm): Zone [GND] on F.Cu, priority 0
[isolated_copper]: Isolated copper fill
    Local override; warning
    @(0.5000 mm, 0.5000 mm): Zone [GND] on F.Cu, priority 0
[isolated_copper]: Isolated copper fill
    Local override; warning
    @(0.5000 mm, 0.5000 mm): Zone [GND] on F.Cu, priority 0
[isolated_copper]: Isolated copper fill
    Local override; warning
    @(0.5000 mm, 0.5000 mm): Zone [GND] on F.Cu, priority 0
[isolated_copper]: Isolated copper fill
    Local override; warning
    @(0.5000 mm, 0.5000 mm): Zone [GND] on F.Cu, priority 0
[isolated_copper]: Isolated copper fill
    Local override; warning
    @(0.5000 mm, 0.5000 mm): Zone [GND] on F.Cu, priority 0
[isolated_copper]: Isolated copper fill
    Local override; warning
    @(0.5000 mm, 0.5000 mm): Zone [GND] on F.Cu, priority 0
[isolated_copper]: Isolated copper fill
    Local override; warning
    @(0.5000 mm, 0.5000 mm): Zone [GND] on F.Cu, priority 0
[isolated_copper]: Isolated copper fill
    Local override; warning
    @(0.5000 mm, 0.5000 mm): Zone [GND] on F.Cu, priority 0
[isolated_copper]: Isolated copper fill
    Local override; warning
    @(0.5000 mm, 0.5000 mm): Zone [GND] on F.Cu, priority 0
[isolated_copper]: Isolated copper fill
    Local override; warning
    @(0.5000 mm, 0.5000 mm): Zone [GND] on F.Cu, priority 0
[isolated_copper]: Isolated copper fill
    Local override; warning
    @(0.5000 mm, 0.5000 mm): Zone [GND] on F.Cu, priority 0
[isolated_copper]: Isolated copper fill
    Local override; warning
    @(0.5000 mm, 0.5000 mm): Zone [GND] on F.Cu, priority 0
[isolated_copper]: Isolated copper fill
    Local override; warning
    @(0.5000 mm, 0.5000 mm): Zone [GND] on F.Cu, priority 0
[isolated_copper]: Isolated copper fill
    Local override; warning
    @(0.5000 mm, 0.5000 mm): Zone [GND] on F.Cu, priority 0
[isolated_copper]: Isolated copper fill
    Local override; warning
    @(0.5000 mm, 0.5000 mm): Zone [GND] on F.Cu, priority 0
[isolated_copper]: Isolated copper fill
    Local override; warning
    @(0.5000 mm, 0.5000 mm): Zone [GND] on F.Cu, priority 0
[isolated_copper]: Isolated copper fill
    Local override; warning
    @(0.5000 mm, 0.5000 mm): Zone [GND] on F.Cu, priority 0
[isolated_copper]: Isolated copper fill
    Local override; warning
    @(0.5000 mm, 0.5000 mm): Zone [GND] on F.Cu, priority 0
[isolated_copper]: Isolated copper fill
    Local override; warning
    @(0.5000 mm, 0.5000 mm): Zone [GND] on F.Cu, priority 0
[isolated_copper]: Isolated copper fill
    Local override; warning
    @(0.5000 mm, 0.5000 mm): Zone [GND] on F.Cu, priority 0
[isolated_copper]: Isolated copper fill
    Local override; warning
    @(0.5000 mm, 0.5000 mm): Zone [GND] on F.Cu, priority 0
[isolated_copper]: Isolated copper fill
    Local override; warning
    @(0.5000 mm, 0.5000 mm): Zone [GND] on F.Cu, priority 0
[isolated_copper]: Isolated copper fill
    Local override; warning
    @(0.5000 mm, 0.5000 mm): Zone [GND] on F.Cu, priority 0
[isolated_copper]: Isolated copper fill
    Local override; warning
    @(0.5000 mm, 0.5000 mm): Zone [GND] on F.Cu, priority 0
[isolated_copper]: Isolated copper fill
    Local override; warning
    @(0.5000 mm, 0.5000 mm): Zone [GND] on F.Cu, priority 0
[isolated_copper]: Isolated copper fill
    Local override; warning
    @(0.5000 mm, 0.5000 mm): Zone [GND] on F.Cu, priority 0
[isolated_copper]: Isolated copper fill
    Local override; warning
    @(0.5000 mm, 0.5000 mm): Zone [GND] on F.Cu, priority 0
[isolated_copper]: Isolated copper fill
    Local override; warning
    @(0.5000 mm, 0.5000 mm): Zone [GND] on F.Cu, priority 0
[isolated_copper]: Isolated copper fill
    Local override; warning
    @(0.5000 mm, 0.5000 mm): Zone [GND] on F.Cu, priority 0
[isolated_copper]: Isolated copper fill
    Local override; warning
    @(0.5000 mm, 0.5000 mm): Zone [GND] on F.Cu, priority 0
[isolated_copper]: Isolated copper fill
    Local override; warning
    @(0.5000 mm, 0.5000 mm): Zone [GND] on F.Cu, priority 0
[isolated_copper]: Isolated copper fill
    Local override; warning
    @(0.5000 mm, 0.5000 mm): Zone [GND] on F.Cu, priority 0
[isolated_copper]: Isolated copper fill
    Local override; warning
    @(0.5000 mm, 0.5000 mm): Zone [GND] on F.Cu, priority 0
[isolated_copper]: Isolated copper fill
    Local override; warning
    @(0.5000 mm, 0.5000 mm): Zone [GND] on F.Cu, priority 0
[isolated_copper]: Isolated copper fill
    Local override; warning
    @(0.5000 mm, 0.5000 mm): Zone [GND] on F.Cu, priority 0
[isolated_copper]: Isolated copper fill
    Local override; warning
    @(0.5000 mm, 0.5000 mm): Zone [GND] on F.Cu, priority 0
[isolated_copper]: Isolated copper fill
    Local override; warning
    @(0.5000 mm, 0.5000 mm): Zone [GND] on F.Cu, priority 0
[isolated_copper]: Isolated copper fill
    Local override; warning
    @(0.5000 mm, 0.5000 mm): Zone [GND] on F.Cu, priority 0
[isolated_copper]: Isolated copper fill
    Local override; warning
    @(0.5000 mm, 0.5000 mm): Zone [GND] on F.Cu, priority 0
[isolated_copper]: Isolated copper fill
    Local override; warning
    @(0.5000 mm, 0.5000 mm): Zone [GND] on F.Cu, priority 0
[isolated_copper]: Isolated copper fill
    Local override; warning
    @(0.5000 mm, 0.5000 mm): Zone [GND] on F.Cu, priority 0
[isolated_copper]: Isolated copper fill
    Local override; warning
    @(0.5000 mm, 0.5000 mm): Zone [GND] on F.Cu, priority 0
[isolated_copper]: Isolated copper fill
    Local override; warning
    @(0.5000 mm, 0.5000 mm): Zone [GND] on F.Cu, priority 0
[isolated_copper]: Isolated copper fill
    Local override; warning
    @(0.5000 mm, 0.5000 mm): Zone [GND] on F.Cu, priority 0
[isolated_copper]: Isolated copper fill
    Local override; warning
    @(0.5000 mm, 0.5000 mm): Zone [GND] on F.Cu, priority 0
[isolated_copper]: Isolated copper fill
    Local override; warning
    @(0.5000 mm, 0.5000 mm): Zone [GND] on F.Cu, priority 0
[isolated_copper]: Isolated copper fill
    Local override; warning
    @(0.5000 mm, 0.5000 mm): Zone [GND] on F.Cu, priority 0
[isolated_copper]: Isolated copper fill
    Local override; warning
    @(0.5000 mm, 0.5000 mm): Zone [GND] on F.Cu, priority 0
[isolated_copper]: Isolated copper fill
    Local override; warning
    @(0.5000 mm, 0.5000 mm): Zone [GND] on F.Cu, priority 0
[isolated_copper]: Isolated copper fill
    Local override; warning
    @(0.5000 mm, 0.5000 mm): Zone [GND] on F.Cu, priority 0
[isolated_copper]: Isolated copper fill
    Local override; warning
    @(0.5000 mm, 0.5000 mm): Zone [GND] on F.Cu, priority 0
[isolated_copper]: Isolated copper fill
    Local override; warning
    @(0.5000 mm, 0.5000 mm): Zone [GND] on F.Cu, priority 0
[isolated_copper]: Isolated copper fill
    Local override; warning
    @(0.5000 mm, 0.5000 mm): Zone [GND] on F.Cu, priority 0
[isolated_copper]: Isolated copper fill
    Local override; warning
    @(0.5000 mm, 0.5000 mm): Zone [GND] on F.Cu, priority 0
[isolated_copper]: Isolated copper fill
    Local override; warning
    @(0.5000 mm, 0.5000 mm): Zone [GND] on F.Cu, priority 0
[isolated_copper]: Isolated copper fill
    Local override; warning
    @(0.5000 mm, 0.5000 mm): Zone [GND] on F.Cu, priority 0
[isolated_copper]: Isolated copper fill
    Local override; warning
    @(0.5000 mm, 0.5000 mm): Zone [GND] on F.Cu, priority 0
[isolated_copper]: Isolated copper fill
    Local override; warning
    @(0.5000 mm, 0.5000 mm): Zone [GND] on F.Cu, priority 0
[isolated_copper]: Isolated copper fill
    Local override; warning
    @(0.5000 mm, 0.5000 mm): Zone [GND] on F.Cu, priority 0
[isolated_copper]: Isolated copper fill
    Local override; warning
    @(0.5000 mm, 0.5000 mm): Zone [GND] on F.Cu, priority 0
[isolated_copper]: Isolated copper fill
    Local override; warning
    @(0.5000 mm, 0.5000 mm): Zone [GND] on F.Cu, priority 0
[isolated_copper]: Isolated copper fill
    Local override; warning
    @(0.5000 mm, 0.5000 mm): Zone [GND] on F.Cu, priority 0
[isolated_copper]: Isolated copper fill
    Local override; warning
    @(0.5000 mm, 0.5000 mm): Zone [GND] on F.Cu, priority 0
[isolated_copper]: Isolated copper fill
    Local override; warning
    @(0.5000 mm, 0.5000 mm): Zone [GND] on F.Cu, priority 0
[isolated_copper]: Isolated copper fill
    Local override; warning
    @(0.5000 mm, 0.5000 mm): Zone [GND] on F.Cu, priority 0
[isolated_copper]: Isolated copper fill
    Local override; warning
    @(0.5000 mm, 0.5000 mm): Zone [GND] on F.Cu, priority 0
[isolated_copper]: Isolated copper fill
    Local override; warning
    @(0.5000 mm, 0.5000 mm): Zone [GND] on F.Cu, priority 0
[isolated_copper]: Isolated copper fill
    Local override; warning
    @(0.5000 mm, 0.5000 mm): Zone [GND] on F.Cu, priority 0
[isolated_copper]: Isolated copper fill
    Local override; warning
    @(0.5000 mm, 0.5000 mm): Zone [GND] on F.Cu, priority 0
[isolated_copper]: Isolated copper fill
    Local override; warning
    @(0.5000 mm, 0.5000 mm): Zone [GND] on F.Cu, priority 0
[isolated_copper]: Isolated copper fill
    Local override; warning
    @(0.5000 mm, 0.5000 mm): Zone [GND] on F.Cu, priority 0
[isolated_copper]: Isolated copper fill
    Local override; warning
    @(0.5000 mm, 0.5000 mm): Zone [GND] on F.Cu, priority 0
[isolated_copper]: Isolated copper fill
    Local override; warning
    @(0.5000 mm, 0.5000 mm): Zone [GND] on F.Cu, priority 0
[isolated_copper]: Isolated copper fill
    Local override; warning
    @(0.5000 mm, 0.5000 mm): Zone [GND] on F.Cu, priority 0
[isolated_copper]: Isolated copper fill
    Local override; warning
    @(0.5000 mm, 0.5000 mm): Zone [GND] on F.Cu, priority 0
[isolated_copper]: Isolated copper fill
    Local override; warning
    @(0.5000 mm, 0.5000 mm): Zone [GND] on F.Cu, priority 0
[isolated_copper]: Isolated copper fill
    Local override; warning
    @(0.5000 mm, 0.5000 mm): Zone [GND] on F.Cu, priority 0
[isolated_copper]: Isolated copper fill
    Local override; warning
    @(0.5000 mm, 0.5000 mm): Zone [GND] on F.Cu, priority 0
[isolated_copper]: Isolated copper fill
    Local override; warning
    @(0.5000 mm, 0.5000 mm): Zone [GND] on F.Cu, priority 0
[isolated_copper]: Isolated copper fill
    Local override; warning
    @(0.5000 mm, 0.5000 mm): Zone [GND] on F.Cu, priority 0
[isolated_copper]: Isolated copper fill
    Local override; warning
    @(0.5000 mm, 0.5000 mm): Zone [GND] on F.Cu, priority 0
[isolated_copper]: Isolated copper fill
    Local override; warning
    @(0.5000 mm, 0.5000 mm): Zone [GND] on F.Cu, priority 0
[isolated_copper]: Isolated copper fill
    Local override; warning
    @(0.5000 mm, 0.5000 mm): Zone [GND] on F.Cu, priority 0
[isolated_copper]: Isolated copper fill
    Local override; warning
    @(0.5000 mm, 0.5000 mm): Zone [GND] on F.Cu, priority 0
[isolated_copper]: Isolated copper fill
    Local override; warning
    @(0.5000 mm, 0.5000 mm): Zone [GND] on F.Cu, priority 0
[isolated_copper]: Isolated copper fill
    Local override; warning
    @(0.5000 mm, 0.5000 mm): Zone [GND] on F.Cu, priority 0
[isolated_copper]: Isolated copper fill
    Local override; warning
    @(0.5000 mm, 0.5000 mm): Zone [GND] on F.Cu, priority 0
[isolated_copper]: Isolated copper fill
    Local override; warning
    @(0.5000 mm, 0.5000 mm): Zone [GND] on B.Cu, priority 0
[isolated_copper]: Isolated copper fill
    Local override; warning
    @(0.5000 mm, 0.5000 mm): Zone [GND] on B.Cu, priority 0
[isolated_copper]: Isolated copper fill
    Local override; warning
    @(0.5000 mm, 0.5000 mm): Zone [GND] on B.Cu, priority 0
[isolated_copper]: Isolated copper fill
    Local override; warning
    @(0.5000 mm, 0.5000 mm): Zone [GND] on B.Cu, priority 0
[isolated_copper]: Isolated copper fill
    Local override; warning
    @(0.5000 mm, 0.5000 mm): Zone [GND] on B.Cu, priority 0
[isolated_copper]: Isolated copper fill
    Local override; warning
    @(0.5000 mm, 0.5000 mm): Zone [GND] on B.Cu, priority 0
[isolated_copper]: Isolated copper fill
    Local override; warning
    @(0.5000 mm, 0.5000 mm): Zone [GND] on B.Cu, priority 0
[isolated_copper]: Isolated copper fill
    Local override; warning
    @(0.5000 mm, 0.5000 mm): Zone [GND] on B.Cu, priority 0
[isolated_copper]: Isolated copper fill
    Local override; warning
    @(0.5000 mm, 0.5000 mm): Zone [GND] on B.Cu, priority 0
[isolated_copper]: Isolated copper fill
    Local override; warning
    @(0.5000 mm, 0.5000 mm): Zone [GND] on B.Cu, priority 0
[isolated_copper]: Isolated copper fill
    Local override; warning
    @(0.5000 mm, 0.5000 mm): Zone [GND] on B.Cu, priority 0
[isolated_copper]: Isolated copper fill
    Local override; warning
    @(0.5000 mm, 0.5000 mm): Zone [GND] on B.Cu, priority 0
[isolated_copper]: Isolated copper fill
    Local override; warning
    @(0.5000 mm, 0.5000 mm): Zone [GND] on B.Cu, priority 0
[isolated_copper]: Isolated copper fill
    Local override; warning
    @(0.5000 mm, 0.5000 mm): Zone [GND] on B.Cu, priority 0
[isolated_copper]: Isolated copper fill
    Local override; warning
    @(0.5000 mm, 0.5000 mm): Zone [GND] on B.Cu, priority 0
[isolated_copper]: Isolated copper fill
    Local override; warning
    @(0.5000 mm, 0.5000 mm): Zone [GND] on B.Cu, priority 0
[isolated_copper]: Isolated copper fill
    Local override; warning
    @(0.5000 mm, 0.5000 mm): Zone [GND] on B.Cu, priority 0
[isolated_copper]: Isolated copper fill
    Local override; warning
    @(0.5000 mm, 0.5000 mm): Zone [GND] on B.Cu, priority 0
[isolated_copper]: Isolated copper fill
    Local override; warning
    @(0.5000 mm, 0.5000 mm): Zone [GND] on B.Cu, priority 0
[isolated_copper]: Isolated copper fill
    Local override; warning
    @(0.5000 mm, 0.5000 mm): Zone [GND] on B.Cu, priority 0

** Found 27 unconnected pads **
[unconnected_items]: Missing connection between items
    Local override; error
    @(0.5000 mm, 0.5000 mm): Zone [GND] on F.Cu, priority 0
    @(0.5000 mm, 0.5000 mm): Zone [GND] on F.Cu, priority 0
[unconnected_items]: Missing connection between items
    Local override; error
    @(0.5000 mm, 0.5000 mm): Zone [GND] on F.Cu, priority 0
    @(0.5000 mm, 0.5000 mm): Zone [GND] on F.Cu, priority 0
[unconnected_items]: Missing connection between items
    Local override; error
    @(0.5000 mm, 0.5000 mm): Zone [GND] on F.Cu, priority 0
    @(0.5000 mm, 0.5000 mm): Zone [GND] on F.Cu, priority 0
[unconnected_items]: Missing connection between items
    Local override; error
    @(0.5000 mm, 0.5000 mm): Zone [GND] on F.Cu, priority 0
    @(0.5000 mm, 0.5000 mm): Zone [GND] on F.Cu, priority 0
[unconnected_items]: Missing connection between items
    Local override; error
    @(0.5000 mm, 0.5000 mm): Zone [GND] on F.Cu, priority 0
    @(0.5000 mm, 0.5000 mm): Zone [GND] on F.Cu, priority 0
[unconnected_items]: Missing connection between items
    Local override; error
    @(0.5000 mm, 0.5000 mm): Zone [GND] on F.Cu, priority 0
    @(0.5000 mm, 0.5000 mm): Zone [GND] on F.Cu, priority 0
[unconnected_items]: Missing connection between items
    Local override; error
    @(0.5000 mm, 0.5000 mm): Zone [GND] on F.Cu, priority 0
    @(0.5000 mm, 0.5000 mm): Zone [GND] on F.Cu, priority 0
[unconnected_items]: Missing connection between items
    Local override; error
    @(0.5000 mm, 0.5000 mm): Zone [GND] on F.Cu, priority 0
    @(0.5000 mm, 0.5000 mm): Zone [GND] on F.Cu, priority 0
[unconnected_items]: Missing connection between items
    Local override; error
    @(0.5000 mm, 0.5000 mm): Zone [GND] on F.Cu, priority 0
    @(0.5000 mm, 0.5000 mm): Zone [GND] on F.Cu, priority 0
[unconnected_items]: Missing connection between items
    Local override; error
    @(0.5000 mm, 0.5000 mm): Zone [GND] on F.Cu, priority 0
    @(0.5000 mm, 0.5000 mm): Zone [GND] on F.Cu, priority 0
[unconnected_items]: Missing connection between items
    Local override; error
    @(0.5000 mm, 0.5000 mm): Zone [GND] on F.Cu, priority 0
    @(0.5000 mm, 0.5000 mm): Zone [GND] on F.Cu, priority 0
[unconnected_items]: Missing connection between items
    Local override; error
    @(0.5000 mm, 0.5000 mm): Zone [GND] on F.Cu, priority 0
    @(0.5000 mm, 0.5000 mm): Zone [GND] on F.Cu, priority 0
[unconnected_items]: Missing connection between items
    Local override; error
    @(0.5000 mm, 0.5000 mm): Zone [GND] on B.Cu, priority 0
    @(0.5000 mm, 0.5000 mm): Zone [GND] on F.Cu, priority 0
[unconnected_items]: Missing connection between items
    Local override; error
    @(0.5000 mm, 0.5000 mm): Zone [GND] on F.Cu, priority 0
    @(0.5000 mm, 0.5000 mm): Zone [GND] on F.Cu, priority 0
[unconnected_items]: Missing connection between items
    Local override; error
    @(0.5000 mm, 0.5000 mm): Zone [GND] on F.Cu, priority 0
    @(0.5000 mm, 0.5000 mm): Zone [GND] on F.Cu, priority 0
[unconnected_items]: Missing connection between items
    Local override; error
    @(0.5000 mm, 0.5000 mm): Zone [GND] on F.Cu, priority 0
    @(0.5000 mm, 0.5000 mm): Zone [GND] on F.Cu, priority 0
[unconnected_items]: Missing connection between items
    Local override; error
    @(0.5000 mm, 0.5000 mm): Zone [GND] on F.Cu, priority 0
    @(0.5000 mm, 0.5000 mm): Zone [GND] on F.Cu, priority 0
[unconnected_items]: Missing connection between items
    Local override; error
    @(0.5000 mm, 0.5000 mm): Zone [GND] on F.Cu, priority 0
    @(0.5000 mm, 0.5000 mm): Zone [GND] on F.Cu, priority 0
[unconnected_items]: Missing connection between items
    Local override; error
    @(0.5000 mm, 0.5000 mm): Zone [GND] on F.Cu, priority 0
    @(0.5000 mm, 0.5000 mm): Zone [GND] on F.Cu, priority 0
[unconnected_items]: Missing connection between items
    Local override; error
    @(0.5000 mm, 0.5000 mm): Zone [GND] on F.Cu, priority 0
    @(0.5000 mm, 0.5000 mm): Zone [GND] on F.Cu, priority 0
[unconnected_items]: Missing connection between items
    Local override; error
    @(0.5000 mm, 0.5000 mm): Zone [GND] on F.Cu, priority 0
    @(0.5000 mm, 0.5000 mm): Zone [GND] on F.Cu, priority 0
[unconnected_items]: Missing connection between items
    Local override; error
    @(0.5000 mm, 0.5000 mm): Zone [GND] on F.Cu, priority 0
    @(0.5000 mm, 0.5000 mm): Zone [GND] on F.Cu, priority 0
[unconnected_items]: Missing connection between items
    Local override; error
    @(0.5000 mm, 0.5000 mm): Zone [GND] on F.Cu, priority 0
    @(0.5000 mm, 0.5000 mm): Zone [GND] on F.Cu, priority 0
[unconnected_items]: Missing connection between items
    Local override; error
    @(0.5000 mm, 0.5000 mm): Zone [GND] on F.Cu, priority 0
    @(0.5000 mm, 0.5000 mm): Zone [GND] on B.Cu, priority 0
[unconnected_items]: Missing connection between items
    Local override; error
    @(0.5000 mm, 0.5000 mm): Zone [GND] on F.Cu, priority 0
    @(0.5000 mm, 0.5000 mm): Zone [GND] on F.Cu, priority 0
[unconnected_items]: Missing connection between items
    Local override; error
    @(0.5000 mm, 0.5000 mm): Zone [GND] on F.Cu, priority 0
    @(0.5000 mm, 0.5000 mm): Zone [GND] on F.Cu, priority 0
[unconnected_items]: Missing connection between items
    Local override; error
    @(0.5000 mm, 0.5000 mm): Zone [GND] on B.Cu, priority 0
    @(0.5000 mm, 0.5000 mm): Zone [GND] on F.Cu, priority 0

** Found 0 Footprint errors **

** End of Report **
